// Jest Snapshot v1, https://goo.gl/fbAQLP

exports[`<ModalBalanceForm /> should render 1`] = `ShallowWrapper {}`;
